exit_code=1
--- selected diagnostics ---
41:[INFO] Resolving MavenDependencyRoots = [GroupId = com.github.weisj, ArtifactId = jsvg, Version = 2.1.0, ArtifactType = jar, GroupId = com.google.code.gson, ArtifactId = gson, Version = 2.14.0, ArtifactType = jar, GroupId = commons-fileupload, ArtifactId = commons-fileupload, Version = 1.6.0, ArtifactType = jar, GroupId = commons-io, ArtifactId = commons-io, Version = 2.22.0, ArtifactType = jar, GroupId = commons-logging, ArtifactId = commons-logging, Version = 1.4.0, ArtifactType = jar, GroupId = net.java.dev.jna, ArtifactId = jna-platform, Version = 5.19.1, ArtifactType = jar, GroupId = org.apache.aries.spifly, ArtifactId = org.apache.aries.spifly.dynamic.bundle, Version = 1.3.7, ArtifactType = jar, GroupId = org.apache.sshd, ArtifactId = sshd-osgi, Version = 2.19.0, ArtifactType = jar, GroupId = org.bouncycastle, ArtifactId = bcpg-jdk18on, Version = 1.85, ArtifactType = jar, GroupId = org.bouncycastle, ArtifactId = bcprov-jdk18on, Version = 1.85.2, ArtifactType = jar, GroupId = org.bouncycastle, ArtifactId = bcutil-jdk18on, Version = 1.85, ArtifactType = jar, GroupId = org.hamcrest, ArtifactId = hamcrest, Version = 3.0, ArtifactType = jar, GroupId = org.jsoup, ArtifactId = jsoup, Version = 1.23.2, ArtifactType = jar, GroupId = org.ow2.sat4j, ArtifactId = org.ow2.sat4j.core, Version = 2.3.6, ArtifactType = jar, GroupId = org.ow2.sat4j, ArtifactId = org.ow2.sat4j.pb, Version = 2.3.6, ArtifactType = jar, GroupId = org.slf4j, ArtifactId = slf4j-api, Version = 2.0.18, ArtifactType = jar, GroupId = org.slf4j, ArtifactId = slf4j-simple, Version = 2.0.18, ArtifactType = jar, GroupId = org.tukaani, ArtifactId = xz, Version = 1.12, ArtifactType = jar], IncludeDependencyScope = [compile], MissingManifestStrategy = ERROR, IncludeSource = true
44:[INFO] Resolving MavenDependencyRoots = [GroupId = jakarta.el, ArtifactId = jakarta.el-api, Version = 3.0.3, ArtifactType = jar, GroupId = jakarta.servlet, ArtifactId = jakarta.servlet-api, Version = 4.0.4, ArtifactType = jar, GroupId = javax.servlet.jsp, ArtifactId = javax.servlet.jsp-api, Version = 2.3.3, ArtifactType = jar, GroupId = org.eclipse.jetty.ee8, ArtifactId = jetty-ee8-apache-jsp, Version = 12.1.12, ArtifactType = jar, GroupId = org.eclipse.jetty.ee8, ArtifactId = jetty-ee8-nested, Version = 12.1.12, ArtifactType = jar, GroupId = org.eclipse.jetty.ee8, ArtifactId = jetty-ee8-security, Version = 12.1.12, ArtifactType = jar, GroupId = org.eclipse.jetty.ee8, ArtifactId = jetty-ee8-servlet, Version = 12.1.12, ArtifactType = jar, GroupId = org.eclipse.jetty.toolchain, ArtifactId = jetty-servlet-api, Version = 4.0.9, ArtifactType = jar, GroupId = org.eclipse.jetty, ArtifactId = jetty-http, Version = 12.1.12, ArtifactType = jar, GroupId = org.eclipse.jetty, ArtifactId = jetty-io, Version = 12.1.12, ArtifactType = jar, GroupId = org.eclipse.jetty, ArtifactId = jetty-security, Version = 12.1.12, ArtifactType = jar, GroupId = org.eclipse.jetty, ArtifactId = jetty-server, Version = 12.1.12, ArtifactType = jar, GroupId = org.eclipse.jetty, ArtifactId = jetty-session, Version = 12.1.12, ArtifactType = jar, GroupId = org.eclipse.jetty, ArtifactId = jetty-util-ajax, Version = 12.1.12, ArtifactType = jar, GroupId = org.eclipse.jetty, ArtifactId = jetty-util, Version = 12.1.12, ArtifactType = jar, GroupId = org.glassfish, ArtifactId = jakarta.el, Version = 3.0.4, ArtifactType = jar, GroupId = org.mortbay.jasper, ArtifactId = mortbay-apache-el, Version = 9.0.119, ArtifactType = jar, GroupId = org.mortbay.jasper, ArtifactId = mortbay-apache-jsp, Version = 9.0.119, ArtifactType = jar], IncludeDependencyScope = [compile], MissingManifestStrategy = ERROR, IncludeSource = true
45:[INFO] Resolving MavenDependencyRoots = [GroupId = net.bytebuddy, ArtifactId = byte-buddy-agent, Version = 1.18.13, ArtifactType = jar, GroupId = net.bytebuddy, ArtifactId = byte-buddy, Version = 1.18.13, ArtifactType = jar, GroupId = org.assertj, ArtifactId = assertj-core, Version = 3.27.7, ArtifactType = jar, GroupId = org.mockito, ArtifactId = mockito-core, Version = 5.23.0, ArtifactType = jar, GroupId = org.objenesis, ArtifactId = objenesis, Version = 3.6, ArtifactType = jar], IncludeDependencyScope = [compile], MissingManifestStrategy = ERROR, IncludeSource = true
46:[INFO] Resolving MavenDependencyRoots = [GroupId = org.ow2.asm, ArtifactId = asm-analysis, Version = 9.10.1, ArtifactType = jar, GroupId = org.ow2.asm, ArtifactId = asm-commons, Version = 9.10.1, ArtifactType = jar, GroupId = org.ow2.asm, ArtifactId = asm-tree, Version = 9.10.1, ArtifactType = jar, GroupId = org.ow2.asm, ArtifactId = asm-util, Version = 9.10.1, ArtifactType = jar, GroupId = org.ow2.asm, ArtifactId = asm, Version = 9.10.1, ArtifactType = jar], IncludeDependencyScope = [compile], MissingManifestStrategy = ERROR, IncludeSource = true
63:[INFO] Resolving MavenDependencyRoots = [GroupId = org.osgi, ArtifactId = org.osgi.annotation.bundle, Version = 2.0.0, ArtifactType = jar, GroupId = org.osgi, ArtifactId = org.osgi.annotation.versioning, Version = 1.1.2, ArtifactType = jar, GroupId = org.osgi, ArtifactId = org.osgi.namespace.contract, Version = 1.0.0, ArtifactType = jar, GroupId = org.osgi, ArtifactId = org.osgi.namespace.extender, Version = 1.0.1, ArtifactType = jar, GroupId = org.osgi, ArtifactId = org.osgi.namespace.implementation, Version = 1.0.0, ArtifactType = jar, GroupId = org.osgi, ArtifactId = org.osgi.namespace.service, Version = 1.0.0, ArtifactType = jar, GroupId = org.osgi, ArtifactId = org.osgi.service.cm, Version = 1.6.1, ArtifactType = jar, GroupId = org.osgi, ArtifactId = org.osgi.service.component.annotations, Version = 1.5.1, ArtifactType = jar, GroupId = org.osgi, ArtifactId = org.osgi.service.component, Version = 1.5.1, ArtifactType = jar, GroupId = org.osgi, ArtifactId = org.osgi.service.coordinator, Version = 1.0.2, ArtifactType = jar, GroupId = org.osgi, ArtifactId = org.osgi.service.device, Version = 1.1.1, ArtifactType = jar, GroupId = org.osgi, ArtifactId = org.osgi.service.event, Version = 1.4.1, ArtifactType = jar, GroupId = org.osgi, ArtifactId = org.osgi.service.http.whiteboard, Version = 1.1.1, ArtifactType = jar, GroupId = org.osgi, ArtifactId = org.osgi.service.log.stream, Version = 1.0.0, ArtifactType = jar, GroupId = org.osgi, ArtifactId = org.osgi.service.metatype.annotations, Version = 1.4.1, ArtifactType = jar, GroupId = org.osgi, ArtifactId = org.osgi.service.metatype, Version = 1.4.1, ArtifactType = jar, GroupId = org.osgi, ArtifactId = org.osgi.service.prefs, Version = 1.1.2, ArtifactType = jar, GroupId = org.osgi, ArtifactId = org.osgi.service.provisioning, Version = 1.2.0, ArtifactType = jar, GroupId = org.osgi, ArtifactId = org.osgi.service.repository, Version = 1.1.0, ArtifactType = jar, GroupId = org.osgi, ArtifactId = org.osgi.service.upnp, Version = 1.2.1, ArtifactType = jar, GroupId = org.osgi, ArtifactId = org.osgi.service.useradmin, Version = 1.1.1, ArtifactType = jar, GroupId = org.osgi, ArtifactId = org.osgi.service.wireadmin, Version = 1.0.2, ArtifactType = jar, GroupId = org.osgi, ArtifactId = org.osgi.util.function, Version = 1.2.0, ArtifactType = jar, GroupId = org.osgi, ArtifactId = org.osgi.util.measurement, Version = 1.0.2, ArtifactType = jar, GroupId = org.osgi, ArtifactId = org.osgi.util.position, Version = 1.0.1, ArtifactType = jar, GroupId = org.osgi, ArtifactId = org.osgi.util.promise, Version = 1.3.0, ArtifactType = jar, GroupId = org.osgi, ArtifactId = org.osgi.util.pushstream, Version = 1.1.0, ArtifactType = jar, GroupId = org.osgi, ArtifactId = org.osgi.util.xml, Version = 1.0.2, ArtifactType = jar, GroupId = org.osgi, ArtifactId = osgi.annotation, Version = 8.1.0, ArtifactType = jar], IncludeDependencyScope = [compile], MissingManifestStrategy = ERROR, IncludeSource = true
76:[INFO] Resolving MavenDependencyRoots = [GroupId = biz.aQute.bnd, ArtifactId = aQute.libg, Version = 7.4.0, ArtifactType = jar, GroupId = biz.aQute.bnd, ArtifactId = biz.aQute.bnd.annotation, Version = 7.4.0, ArtifactType = jar, GroupId = biz.aQute.bnd, ArtifactId = biz.aQute.bnd.embedded-repo, Version = 7.4.0, ArtifactType = jar, GroupId = biz.aQute.bnd, ArtifactId = biz.aQute.bnd.util, Version = 7.4.0, ArtifactType = jar, GroupId = biz.aQute.bnd, ArtifactId = biz.aQute.bndlib, Version = 7.4.0, ArtifactType = jar, GroupId = biz.aQute.bnd, ArtifactId = biz.aQute.repository, Version = 7.4.0, ArtifactType = jar, GroupId = biz.aQute.bnd, ArtifactId = biz.aQute.resolve, Version = 7.4.0, ArtifactType = jar, GroupId = biz.aQute.bnd, ArtifactId = biz.aQute.tester.junit-platform, Version = 7.4.0, ArtifactType = jar, GroupId = biz.aQute.bnd, ArtifactId = biz.aQute.tester, Version = 7.4.0, ArtifactType = jar, GroupId = org.bndtools, ArtifactId = bndtools.api, Version = 7.4.0, ArtifactType = jar, GroupId = org.bndtools, ArtifactId = bndtools.jareditor, Version = 7.4.0, ArtifactType = jar, GroupId = org.bndtools, ArtifactId = org.bndtools.headless.build.manager, Version = 7.4.0, ArtifactType = jar, GroupId = org.bndtools, ArtifactId = org.bndtools.headless.build.plugin.gradle, Version = 7.4.0, ArtifactType = jar, GroupId = org.bndtools, ArtifactId = org.bndtools.templates.template, Version = 7.4.0, ArtifactType = jar, GroupId = org.bndtools, ArtifactId = org.bndtools.templating, Version = 7.4.0, ArtifactType = jar, GroupId = org.bndtools, ArtifactId = org.bndtools.versioncontrol.ignores.manager, Version = 7.4.0, ArtifactType = jar, GroupId = org.bndtools, ArtifactId = org.bndtools.versioncontrol.ignores.plugin.git, Version = 7.4.0, ArtifactType = jar], IncludeDependencyScope = [compile], MissingManifestStrategy = ERROR, IncludeSource = true
77:[INFO] Resolving MavenDependencyRoots = [GroupId = org.apache.felix, ArtifactId = org.apache.felix.gogo.command, Version = 1.1.2, ArtifactType = jar, GroupId = org.apache.felix, ArtifactId = org.apache.felix.gogo.runtime, Version = 1.1.6, ArtifactType = jar, GroupId = org.apache.felix, ArtifactId = org.apache.felix.gogo.shell, Version = 1.1.4, ArtifactType = jar, GroupId = org.apache.felix, ArtifactId = org.apache.felix.scr, Version = 2.2.18, ArtifactType = jar], IncludeDependencyScope = [compile], MissingManifestStrategy = ERROR, IncludeSource = true
82:[INFO] Resolving MavenDependencyRoots = [GroupId = org.apiguardian, ArtifactId = apiguardian-api, Version = 1.1.2, ArtifactType = jar, GroupId = org.junit.jupiter, ArtifactId = junit-jupiter-api, Version = 5.14.4, ArtifactType = jar, GroupId = org.junit.jupiter, ArtifactId = junit-jupiter-engine, Version = 5.14.4, ArtifactType = jar, GroupId = org.junit.jupiter, ArtifactId = junit-jupiter-migrationsupport, Version = 5.14.4, ArtifactType = jar, GroupId = org.junit.jupiter, ArtifactId = junit-jupiter-params, Version = 5.14.4, ArtifactType = jar, GroupId = org.junit.platform, ArtifactId = junit-platform-commons, Version = 1.14.4, ArtifactType = jar, GroupId = org.junit.platform, ArtifactId = junit-platform-engine, Version = 1.14.4, ArtifactType = jar, GroupId = org.junit.platform, ArtifactId = junit-platform-launcher, Version = 1.14.4, ArtifactType = jar, GroupId = org.junit.platform, ArtifactId = junit-platform-runner, Version = 1.14.4, ArtifactType = jar, GroupId = org.junit.platform, ArtifactId = junit-platform-suite-api, Version = 1.14.4, ArtifactType = jar, GroupId = org.junit.platform, ArtifactId = junit-platform-suite-commons, Version = 1.14.4, ArtifactType = jar, GroupId = org.junit.platform, ArtifactId = junit-platform-suite-engine, Version = 1.14.4, ArtifactType = jar, GroupId = org.junit.vintage, ArtifactId = junit-vintage-engine, Version = 5.14.4, ArtifactType = jar, GroupId = org.opentest4j, ArtifactId = opentest4j, Version = 1.3.0, ArtifactType = jar], IncludeDependencyScope = [compile], MissingManifestStrategy = ERROR, IncludeSource = true
83:[INFO] Resolving MavenDependencyRoots = [GroupId = org.junit.jupiter, ArtifactId = junit-jupiter-api, Version = 6.1.3, ArtifactType = jar, GroupId = org.junit.jupiter, ArtifactId = junit-jupiter-engine, Version = 6.1.3, ArtifactType = jar, GroupId = org.junit.jupiter, ArtifactId = junit-jupiter-migrationsupport, Version = 6.1.3, ArtifactType = jar, GroupId = org.junit.jupiter, ArtifactId = junit-jupiter-params, Version = 6.1.3, ArtifactType = jar, GroupId = org.junit.platform, ArtifactId = junit-platform-commons, Version = 6.1.3, ArtifactType = jar, GroupId = org.junit.platform, ArtifactId = junit-platform-engine, Version = 6.1.3, ArtifactType = jar, GroupId = org.junit.platform, ArtifactId = junit-platform-launcher, Version = 6.1.3, ArtifactType = jar, GroupId = org.junit.platform, ArtifactId = junit-platform-suite-api, Version = 6.1.3, ArtifactType = jar, GroupId = org.junit.platform, ArtifactId = junit-platform-suite-engine, Version = 6.1.3, ArtifactType = jar, GroupId = org.junit.vintage, ArtifactId = junit-vintage-engine, Version = 6.1.3, ArtifactType = jar], IncludeDependencyScope = [compile], MissingManifestStrategy = ERROR, IncludeSource = true
84:[INFO] Resolving MavenDependencyRoots = [GroupId = jakarta.activation, ArtifactId = jakarta.activation-api, Version = 2.1.4, ArtifactType = jar, GroupId = jakarta.annotation, ArtifactId = jakarta.annotation-api, Version = 1.3.5, ArtifactType = jar, GroupId = jakarta.annotation, ArtifactId = jakarta.annotation-api, Version = 3.0.0, ArtifactType = jar, GroupId = jakarta.inject, ArtifactId = jakarta.inject-api, Version = 1.0.5, ArtifactType = jar, GroupId = jakarta.inject, ArtifactId = jakarta.inject-api, Version = 2.0.1, ArtifactType = jar, GroupId = jakarta.xml.bind, ArtifactId = jakarta.xml.bind-api, Version = 4.0.5, ArtifactType = jar], IncludeDependencyScope = [compile], MissingManifestStrategy = ERROR, IncludeSource = true
89:[INFO] Resolving MavenDependencyRoots = [GroupId = org.osgi, ArtifactId = org.osgi.test.assertj.framework, Version = 1.3.0, ArtifactType = jar, GroupId = org.osgi, ArtifactId = org.osgi.test.assertj.log, Version = 1.3.0, ArtifactType = jar, GroupId = org.osgi, ArtifactId = org.osgi.test.assertj.promise, Version = 1.3.0, ArtifactType = jar, GroupId = org.osgi, ArtifactId = org.osgi.test.common, Version = 1.3.0, ArtifactType = jar, GroupId = org.osgi, ArtifactId = org.osgi.test.junit4, Version = 1.3.0, ArtifactType = jar, GroupId = org.osgi, ArtifactId = org.osgi.test.junit5.cm, Version = 1.3.0, ArtifactType = jar, GroupId = org.osgi, ArtifactId = org.osgi.test.junit5, Version = 1.3.0, ArtifactType = jar], IncludeDependencyScope = [compile], MissingManifestStrategy = ERROR, IncludeSource = true
90:[INFO] Resolving MavenDependencyRoots = [GroupId = org.commonmark, ArtifactId = commonmark-ext-gfm-tables, Version = 0.30.0, ArtifactType = jar, GroupId = org.commonmark, ArtifactId = commonmark, Version = 0.30.0, ArtifactType = jar], IncludeDependencyScope = [compile], MissingManifestStrategy = ERROR, IncludeSource = true
615:Running org.eclipse.jdt.debug.tests.breakpoints.JavaBreakpointListenerTests
617:13:05:51.011 SETUP JavaBreakpointListenerTests.testRemovalWithoutMarker
621:13:05:56.040 TDOWN JavaBreakpointListenerTests.testRemovalWithoutMarker
622:Tests run: 1, Failures: 0, Errors: 1, Skipped: 0, Time elapsed: 5.132 s <<< FAILURE! -- in org.eclipse.jdt.debug.tests.breakpoints.JavaBreakpointListenerTests
623:org.eclipse.jdt.debug.tests.breakpoints.JavaBreakpointListenerTests.testRemovalWithoutMarker -- Time elapsed: 5.118 s <<< ERROR!
624:java.lang.NullPointerException: Cannot invoke "org.eclipse.core.resources.IMarker.exists()" because the return value of "org.eclipse.jdt.internal.debug.core.breakpoints.JavaBreakpoint.getMarker()" is null
625:	at org.eclipse.jdt.internal.debug.core.breakpoints.JavaBreakpoint.deregisterRequest(JavaBreakpoint.java:289)
626:	at org.eclipse.jdt.internal.debug.core.breakpoints.JavaBreakpoint.removeRequests(JavaBreakpoint.java:807)
627:	at org.eclipse.jdt.internal.debug.core.breakpoints.JavaBreakpoint.removeFromTarget(JavaBreakpoint.java:748)
630:	at org.eclipse.jdt.debug.tests.breakpoints.JavaBreakpointListenerTests.testRemovalWithoutMarker(JavaBreakpointListenerTests.java:1243)
646:  JavaBreakpointListenerTests>AbstractDebugTest.runBare:3004->testRemovalWithoutMarker:1243 » NullPointer Cannot invoke "org.eclipse.core.resources.IMarker.exists()" because the return value of "org.eclipse.jdt.internal.debug.core.breakpoints.JavaBreakpoint.getMarker()" is null
648:Tests run: 1, Failures: 0, Errors: 1, Skipped: 0
660:[INFO] org.eclipse.jdt.debug.tests 3.12.1000-SNAPSHOT ..... FAILURE [ 39.528 s]
662:[INFO] BUILD FAILURE
667:[ERROR] Failed to execute goal org.eclipse.tycho:tycho-surefire-plugin:5.0.4:test (default-test) on project org.eclipse.jdt.debug.tests: There are test failures.
668:[ERROR] 
669:[ERROR] Please refer to /home/runner/work/eclipse.jdt.debug/eclipse.jdt.debug/org.eclipse.jdt.debug.tests/target/surefire-reports for the individual test results.
670:[ERROR] -> [Help 1]
671:[ERROR] 
672:[ERROR] To see the full stack trace of the errors, re-run Maven with the -e switch.
673:[ERROR] Re-run Maven using the -X switch to enable full debug logging.
674:[ERROR] 
675:[ERROR] For more information about the errors and possible solutions, please read the following articles:
676:[ERROR] [Help 1] http://cwiki.apache.org/confluence/display/MAVEN/MojoFailureException
677:[ERROR] 
678:[ERROR] After correcting the problems, you can resume the build with the command
679:[ERROR]   mvn <args> -rf :org.eclipse.jdt.debug.tests
--- log tail ---
XXX not yet supported
[WARNING] /home/runner/work/eclipse.jdt.debug/eclipse.jdt.debug/org.eclipse.jdt.debug.ui/ui/org/eclipse/jdt/internal/debug/ui/JDIDebugUIPlugin.java:[646] 
	dialog.setElements(packageList.toArray()); // XXX inefficient
	                                              ^^^^^^^^^^^^^^^
XXX inefficient
[WARNING] /home/runner/work/eclipse.jdt.debug/eclipse.jdt.debug/org.eclipse.jdt.debug.ui/ui/org/eclipse/jdt/internal/debug/ui/JDIModelPresentation.java:[1671] 
	//TODO remove the cast once the API freeze has thawed
	  ^^^^^^^^^^^^^^^^^^^^^^^^^^^^^^^^^^^^^^^^^^^^^^^^^^^
TODO remove the cast once the API freeze has thawed
[WARNING] /home/runner/work/eclipse.jdt.debug/eclipse.jdt.debug/org.eclipse.jdt.debug.ui/ui/org/eclipse/jdt/internal/debug/ui/JDISourceViewer.java:[341] 
	// XXX: Alternatively, we could apply TextLayout. Pros would be full
	   ^^^^^^^^^^^^^^^^^^^^^^^^^^^^^^^^^^^^^^^^^^^^^^^^^^^^^^^^^^^^^^^^^
XXX: Alternatively, we could apply TextLayout. Pros would be full
[WARNING] /home/runner/work/eclipse.jdt.debug/eclipse.jdt.debug/org.eclipse.jdt.debug.ui/ui/org/eclipse/jdt/internal/debug/ui/JavaWordFinder.java:[60] 
	* XXX: Here we should create the code point and test whether it is a Java
	  ^^^^^^^^^^^^^^^^^^^^^^^^^^^^^^^^^^^^^^^^^^^^^^^^^^^^^^^^^^^^^^^^^^^^^^^
XXX: Here we should create the code point and test whether it is a Java
[WARNING] /home/runner/work/eclipse.jdt.debug/eclipse.jdt.debug/org.eclipse.jdt.debug.ui/ui/org/eclipse/jdt/internal/debug/ui/actions/DisplayAction.java:[121] 
	* TODO: illegal internal reference to IInternalDebugUIConstants
	  ^^^^^^^^^^^^^^^^^^^^^^^^^^^^^^^^^^^^^^^^^^^^^^^^^^^^^^^^^^^^^
TODO: illegal internal reference to IInternalDebugUIConstants
[WARNING] /home/runner/work/eclipse.jdt.debug/eclipse.jdt.debug/org.eclipse.jdt.debug.ui/ui/org/eclipse/jdt/internal/debug/ui/actions/OpenFromClipboardAction.java:[624] 
	* TODO: Because of faster performance SearchEngine.searchAllTypeNames(...) is used to do the
	  ^^^^^^^^^^^^^^^^^^^^^^^^^^^^^^^^^^^^^^^^^^^^^^^^^^^^^^^^^^^^^^^^^^^^^^^^^^^^^^^^^^^^^^^^^^
TODO: Because of faster performance SearchEngine.searchAllTypeNames(...) is used to do the
[WARNING] /home/runner/work/eclipse.jdt.debug/eclipse.jdt.debug/org.eclipse.jdt.debug.ui/ui/org/eclipse/jdt/internal/debug/ui/actions/OpenFromClipboardAction.java:[664] 
	* TODO: Because of faster performance, if the type name is available
	  ^^^^^^^^^^^^^^^^^^^^^^^^^^^^^^^^^^^^^^^^^^^^^^^^^^^^^^^^^^^^^^^^^^
TODO: Because of faster performance, if the type name is available
[WARNING] /home/runner/work/eclipse.jdt.debug/eclipse.jdt.debug/org.eclipse.jdt.debug.ui/ui/org/eclipse/jdt/internal/debug/ui/actions/ToggleBreakpointAdapter.java:[1896] 
	TemplateContextType contextType = JavaPlugin.getDefault().getTemplateContextRegistry().getContextType(JavaContextType.ID_STATEMENTS);
	                                                                                       ^^^^^^^^^^^^^^
The method getContextType(String) from the type ContextTypeRegistry is deprecated
[WARNING] /home/runner/work/eclipse.jdt.debug/eclipse.jdt.debug/org.eclipse.jdt.debug.ui/ui/org/eclipse/jdt/internal/debug/ui/actions/ToggleBreakpointAdapter.java:[1926] 
	CompilationUnitContextType cuContextType = (CompilationUnitContextType) JavaPlugin.getDefault().getTemplateContextRegistry().getContextType(template.getContextTypeId());
	                                                                                                                             ^^^^^^^^^^^^^^
The method getContextType(String) from the type ContextTypeRegistry is deprecated
[WARNING] /home/runner/work/eclipse.jdt.debug/eclipse.jdt.debug/org.eclipse.jdt.debug.ui/ui/org/eclipse/jdt/internal/debug/ui/contentassist/JavaDebugContentAssistProcessor.java:[61] 
	TemplateContextType contextType= JavaPlugin.getDefault().getTemplateContextRegistry().getContextType(JavaContextType.ID_ALL);
	                                                                                      ^^^^^^^^^^^^^^
The method getContextType(String) from the type ContextTypeRegistry is deprecated
[WARNING] /home/runner/work/eclipse.jdt.debug/eclipse.jdt.debug/org.eclipse.jdt.debug.ui/ui/org/eclipse/jdt/internal/debug/ui/contentassist/JavaDebugContentAssistProcessor.java:[65] 
	contextType = JavaPlugin.getDefault().getTemplateContextRegistry().getContextType(JavaContextType.ID_STATEMENTS);
	                                                                   ^^^^^^^^^^^^^^
The method getContextType(String) from the type ContextTypeRegistry is deprecated
[WARNING] /home/runner/work/eclipse.jdt.debug/eclipse.jdt.debug/org.eclipse.jdt.debug.ui/ui/org/eclipse/jdt/internal/debug/ui/display/DisplayView.java:[315] 
	//TODO: Still using "old" resource access
	  ^^^^^^^^^^^^^^^^^^^^^^^^^^^^^^^^^^^^^^^
TODO: Still using "old" resource access
[WARNING] /home/runner/work/eclipse.jdt.debug/eclipse.jdt.debug/org.eclipse.jdt.debug.ui/ui/org/eclipse/jdt/internal/debug/ui/jres/ExecutionEnvironmentsPreferencePage.java:[156] 
	// TODO: fix help
	   ^^^^^^^^^^^^^^
TODO: fix help
[WARNING] /home/runner/work/eclipse.jdt.debug/eclipse.jdt.debug/org.eclipse.jdt.debug.ui/ui/org/eclipse/jdt/internal/debug/ui/launcher/AbstractJavaMainTab.java:[209] 
	//CONTEXTLAUNCHING
	  ^^^^^^^^^^^^^^^^
CONTEXTLAUNCHING
[WARNING] /home/runner/work/eclipse.jdt.debug/eclipse.jdt.debug/org.eclipse.jdt.debug.ui/ui/org/eclipse/jdt/internal/debug/ui/launcher/RuntimeClasspathEntryLabelProvider.java:[86] 
	//TODO: check for invalid paths and change image
	  ^^^^^^^^^^^^^^^^^^^^^^^^^^^^^^^^^^^^^^^^^^^^^^
TODO: check for invalid paths and change image
[WARNING] /home/runner/work/eclipse.jdt.debug/eclipse.jdt.debug/org.eclipse.jdt.debug.ui/ui/org/eclipse/jdt/internal/debug/ui/monitors/JavaContendedMonitor.java:[122] 
	//CONTEXTLAUNCHING
	  ^^^^^^^^^^^^^^^^
CONTEXTLAUNCHING
[WARNING] /home/runner/work/eclipse.jdt.debug/eclipse.jdt.debug/org.eclipse.jdt.debug.ui/ui/org/eclipse/jdt/internal/debug/ui/monitors/JavaOwnedMonitor.java:[137] 
	//CONTEXTLAUNCHING
	  ^^^^^^^^^^^^^^^^
CONTEXTLAUNCHING
[WARNING] /home/runner/work/eclipse.jdt.debug/eclipse.jdt.debug/org.eclipse.jdt.debug.ui/ui/org/eclipse/jdt/internal/debug/ui/monitors/JavaOwningThread.java:[122] 
	//CONTEXTLAUNCHING
	  ^^^^^^^^^^^^^^^^
CONTEXTLAUNCHING
[WARNING] /home/runner/work/eclipse.jdt.debug/eclipse.jdt.debug/org.eclipse.jdt.debug.ui/ui/org/eclipse/jdt/internal/debug/ui/monitors/JavaWaitingThread.java:[117] 
	//CONTEXTLAUNCHING
	  ^^^^^^^^^^^^^^^^
CONTEXTLAUNCHING
[WARNING] /home/runner/work/eclipse.jdt.debug/eclipse.jdt.debug/org.eclipse.jdt.debug.ui/ui/org/eclipse/jdt/internal/debug/ui/snippeteditor/JavaSnippetCompletionProcessor.java:[56] 
	TemplateContextType contextType= JavaPlugin.getDefault().getTemplateContextRegistry().getContextType("java"); //$NON-NLS-1$
	                                                                                      ^^^^^^^^^^^^^^
The method getContextType(String) from the type ContextTypeRegistry is deprecated
24 problems (null, 24 warnings)
[INFO] 
[INFO] --- tycho-bnd:5.0.4:process (default-process) @ org.eclipse.jdt.debug.ui ---
[INFO] 
[INFO] --- tycho-ds:5.0.4:declarative-services (default-declarative-services) @ org.eclipse.jdt.debug.ui ---
[INFO] 
[INFO] --- tycho-apitools:5.0.4:generate (generate) @ org.eclipse.jdt.debug.ui ---
[INFO] 
[INFO] --- resources:3.5.0:testResources (default-testResources) @ org.eclipse.jdt.debug.ui ---
[INFO] skip non existing resourceDirectory /home/runner/work/eclipse.jdt.debug/eclipse.jdt.debug/org.eclipse.jdt.debug.ui/src/test/resources
[INFO] 
[INFO] --- tycho-compiler:5.0.4:testCompile (default-testCompile) @ org.eclipse.jdt.debug.ui ---
[INFO] 
[INFO] --- tycho-packaging:5.0.4:update-consumer-pom (default-update-consumer-pom) @ org.eclipse.jdt.debug.ui ---
[INFO] 
[INFO] --- tycho-source:5.0.4:plugin-source (plugin-source) @ org.eclipse.jdt.debug.ui ---
[INFO] Building jar: /home/runner/work/eclipse.jdt.debug/eclipse.jdt.debug/org.eclipse.jdt.debug.ui/target/org.eclipse.jdt.debug.ui-3.15.600-SNAPSHOT-sources.jar
[INFO] 
[INFO] --- tycho-packaging:5.0.4:package-plugin (default-package-plugin) @ org.eclipse.jdt.debug.ui ---
[INFO] Building jar: /home/runner/work/eclipse.jdt.debug/eclipse.jdt.debug/org.eclipse.jdt.debug.ui/target/org.eclipse.jdt.debug.ui-3.15.600-SNAPSHOT.jar
[INFO] 
[INFO] --- tycho-p2-plugin:5.0.4:p2-metadata-default (default-p2-metadata-default) @ org.eclipse.jdt.debug.ui ---
[INFO] MavenProject: org.eclipse.jdt:org.eclipse.jdt.debug.ui:3.15.600-SNAPSHOT @ /home/runner/work/eclipse.jdt.debug/eclipse.jdt.debug/org.eclipse.jdt.debug.ui/pom.xml
    The main artifact has been replaced with the baseline version.
    The following attached artifacts have been replaced with the baseline version: [sources]

[INFO] 
[INFO] --- tycho-p2-extras:5.0.4:compare-version-with-baselines (compare-attached-artifacts-with-release) @ org.eclipse.jdt.debug.ui ---
[INFO] Execution was skipped
[INFO] 
[INFO] ------------< org.eclipse.jdt:org.eclipse.jdt.debug.tests >-------------
[INFO] Building org.eclipse.jdt.debug.tests 3.12.1000-SNAPSHOT            [5/5]
[INFO]   from org.eclipse.jdt.debug.tests/pom.xml
[INFO] ------------------------[ eclipse-test-plugin ]-------------------------
[INFO] 
[INFO] --- clean:3.5.0:clean (default-clean) @ org.eclipse.jdt.debug.tests ---
[INFO] 
[INFO] --- tycho-packaging:5.0.4:build-qualifier (default-build-qualifier) @ org.eclipse.jdt.debug.tests ---
[INFO] The project's OSGi version is 3.12.1000.v20260830-1408
[INFO] 
[INFO] --- tycho-packaging:5.0.4:validate-id (default-validate-id) @ org.eclipse.jdt.debug.tests ---
[INFO] 
[INFO] --- tycho-packaging:5.0.4:validate-version (default-validate-version) @ org.eclipse.jdt.debug.tests ---
[INFO] 
[INFO] --- toolchains:3.3.0:toolchain (default) @ org.eclipse.jdt.debug.tests ---
[INFO] Required toolchain: jdk [ id='JavaSE-26' ]
[INFO] Found matching toolchain for type jdk: JDK[/opt/hostedtoolcache/Java_Temurin-Hotspot_jdk/26.0.2-101/x64]
[INFO] 
[INFO] --- target-platform-configuration:5.0.4:target-platform (default-target-platform) @ org.eclipse.jdt.debug.tests ---
[INFO] 
[INFO] --- tycho-compiler:5.0.4:validate-classpath (default-validate-classpath) @ org.eclipse.jdt.debug.tests ---
[INFO] Resolving class path of org.eclipse.jdt.debug.tests
[INFO] 
[INFO] --- resources:3.5.0:resources (default-resources) @ org.eclipse.jdt.debug.tests ---
[INFO] skip non existing resourceDirectory /home/runner/work/eclipse.jdt.debug/eclipse.jdt.debug/org.eclipse.jdt.debug.tests/src/main/resources
[INFO] 
[INFO] --- tycho-compiler:5.0.4:compile (default-compile) @ org.eclipse.jdt.debug.tests ---
[INFO] Compiling 360 source files to /home/runner/work/eclipse.jdt.debug/eclipse.jdt.debug/org.eclipse.jdt.debug.tests/target/classes using Eclipse Compiler for Java(TM) 3.46.200.v20260902-0648
[WARNING] /home/runner/work/eclipse.jdt.debug/eclipse.jdt.debug/org.eclipse.jdt.debug.tests/tests/org/eclipse/jdt/debug/tests/AutomatedSuite.java:[308] 
	//TODO: project rename
	  ^^^^^^^^^^^^^^^^^^^^
TODO: project rename
[WARNING] /home/runner/work/eclipse.jdt.debug/eclipse.jdt.debug/org.eclipse.jdt.debug.tests/tests/org/eclipse/jdt/debug/tests/AutomatedSuite.java:[309] 
	//TODO: package move
	  ^^^^^^^^^^^^^^^^^^
TODO: package move
[WARNING] /home/runner/work/eclipse.jdt.debug/eclipse.jdt.debug/org.eclipse.jdt.debug.tests/tests/org/eclipse/jdt/debug/tests/breakpoints/ConditionalBreakpointsInJava8Tests.java:[122] 
	* TODO: disabled until a fix is available
	  ^^^^^^^^^^^^^^^^^^^^^^^^^^^^^^^^^^^^^^^
TODO: disabled until a fix is available
[WARNING] /home/runner/work/eclipse.jdt.debug/eclipse.jdt.debug/org.eclipse.jdt.debug.tests/tests/org/eclipse/jdt/debug/tests/core/RuntimeClasspathEntryTests.java:[78] 
	* XXX: test waiting for bug fix in JCORE - unable to bind container if there
	  ^^^^^^^^^^^^^^^^^^^^^^^^^^^^^^^^^^^^^^^^^^^^^^^^^^^^^^^^^^^^^^^^^^^^^^^^^^
XXX: test waiting for bug fix in JCORE - unable to bind container if there
[WARNING] /home/runner/work/eclipse.jdt.debug/eclipse.jdt.debug/org.eclipse.jdt.debug.tests/tests/org/eclipse/jdt/debug/tests/core/StratumTests.java:[52] 
	// TODO ideally need to check "if NN or newer"
	   ^^^^^^^^^^^^^^^^^^^^^^^^^^^^^^^^^^^^^^^^^^^
TODO ideally need to check "if NN or newer"
[WARNING] /home/runner/work/eclipse.jdt.debug/eclipse.jdt.debug/org.eclipse.jdt.debug.tests/tests/org/eclipse/jdt/debug/tests/core/VMInstallTests.java:[284] 
	// Ignore this test. TODO: remove this once this is a JUnit-4 or later test that handles assumptions correctly
	                     ^^^^^^^^^^^^^^^^^^^^^^^^^^^^^^^^^^^^^^^^^^^^^^^^^^^^^^^^^^^^^^^^^^^^^^^^^^^^^^^^^^^^^^^^^
TODO: remove this once this is a JUnit-4 or later test that handles assumptions correctly
[WARNING] /home/runner/work/eclipse.jdt.debug/eclipse.jdt.debug/org.eclipse.jdt.debug.tests/tests/org/eclipse/jdt/debug/tests/refactoring/RenameInnerTypeUnitTests.java:[124] 
	* @param type TODO
	              ^^^^
TODO
[WARNING] /home/runner/work/eclipse.jdt.debug/eclipse.jdt.debug/org.eclipse.jdt.debug.tests/tests/org/eclipse/jdt/debug/tests/refactoring/RenameNonPublicTypeUnitTests.java:[128] 
	* @param type TODO
	              ^^^^
TODO
[WARNING] /home/runner/work/eclipse.jdt.debug/eclipse.jdt.debug/org.eclipse.jdt.debug.tests/tests/org/eclipse/jdt/debug/tests/refactoring/RenamePublicTypeUnitTests.java:[65] 
	*            TODO
	             ^^^^
TODO
[WARNING] /home/runner/work/eclipse.jdt.debug/eclipse.jdt.debug/org.eclipse.jdt.debug.tests/tests/org/eclipse/jdt/debug/tests/refactoring/RenamePublicTypeUnitTests.java:[153] 
	* @param type TODO
	              ^^^^
TODO
[WARNING] /home/runner/work/eclipse.jdt.debug/eclipse.jdt.debug/org.eclipse.jdt.debug.tests/tests/org/eclipse/jdt/debug/tests/ui/InstructionPointerManagerTests.java:[383] 
	// TODO Selection of the other target does not occur automatically.  This functionality may change and will break this test.
	   ^^^^^^^^^^^^^^^^^^^^^^^^^^^^^^^^^^^^^^^^^^^^^^^^^^^^^^^^^^^^^^^^^^^^^^^^^^^^^^^^^^^^^^^^^^^^^^^^^^^^^^^^^^^^^^^^^^^^^^^^^
TODO Selection of the other target does not occur automatically.  This functionality may change and will break this test.
[WARNING] /home/runner/work/eclipse.jdt.debug/eclipse.jdt.debug/org.eclipse.jdt.debug.tests/tests/org/eclipse/jdt/debug/tests/ui/OpenFromClipboardTests.java:[454] 
	// TODO: This currently fails. see https://bugs.eclipse.org/bugs/show_bug.cgi?id=333948
	   ^^^^^^^^^^^^^^^^^^^^^^^^^^^^^^^^^^^^^^^^^^^^^^^^^^^^^^^^^^^^^^^^^^^^^^^^^^^^^^^^^^^^
TODO: This currently fails. see https://bugs.eclipse.org/bugs/show_bug.cgi?id=333948
[WARNING] /home/runner/work/eclipse.jdt.debug/eclipse.jdt.debug/org.eclipse.jdt.debug.tests/tests/org/eclipse/jdt/debug/tests/ui/presentation/TestIJavaVariable.java:[95] 
	// TODO Auto-generated method stub
	   ^^^^^^^^^^^^^^^^^^^^^^^^^^^^^^^
TODO Auto-generated method stub
13 problems (null, 13 warnings)
[INFO] 
[INFO] --- tycho-ds:5.0.4:declarative-services (default-declarative-services) @ org.eclipse.jdt.debug.tests ---
[INFO] 
[INFO] --- tycho-apitools:5.0.4:generate (generate) @ org.eclipse.jdt.debug.tests ---
[INFO] 
[INFO] --- resources:3.5.0:testResources (default-testResources) @ org.eclipse.jdt.debug.tests ---
[INFO] skip non existing resourceDirectory /home/runner/work/eclipse.jdt.debug/eclipse.jdt.debug/org.eclipse.jdt.debug.tests/src/test/resources
[INFO] 
[INFO] --- tycho-packaging:5.0.4:update-consumer-pom (default-update-consumer-pom) @ org.eclipse.jdt.debug.tests ---
[INFO] 
[INFO] --- tycho-source:5.0.4:plugin-source (plugin-source) @ org.eclipse.jdt.debug.tests ---
[INFO] Building jar: /home/runner/work/eclipse.jdt.debug/eclipse.jdt.debug/org.eclipse.jdt.debug.tests/target/org.eclipse.jdt.debug.tests-3.12.1000-SNAPSHOT-sources.jar
[INFO] 
[INFO] --- tycho-packaging:5.0.4:package-plugin (default-package-plugin) @ org.eclipse.jdt.debug.tests ---
[INFO] Building jar: /home/runner/work/eclipse.jdt.debug/eclipse.jdt.debug/org.eclipse.jdt.debug.tests/javadebugtests.jar
[INFO] Building jar: /home/runner/work/eclipse.jdt.debug/eclipse.jdt.debug/org.eclipse.jdt.debug.tests/target/org.eclipse.jdt.debug.tests-3.12.1000-SNAPSHOT.jar
[INFO] 
[INFO] --- tycho-p2-plugin:5.0.4:p2-metadata-default (default-p2-metadata-default) @ org.eclipse.jdt.debug.tests ---
[INFO] No baseline version org.eclipse.jdt:org.eclipse.jdt.debug.tests:eclipse-test-plugin:3.12.1000-SNAPSHOT
[INFO] 
[INFO] --- tycho-surefire:5.0.4:test (default-test) @ org.eclipse.jdt.debug.tests ---
[INFO] Selected test framework junit (5.0.0) with provider junit5vintage [5.12.0,6.0.0)
[INFO] Executing test runtime with timeout (seconds): 1200, logs, if any, will be placed at: /home/runner/work/eclipse.jdt.debug/eclipse.jdt.debug/org.eclipse.jdt.debug.tests/target/work/data/.metadata/.log
[INFO] Command line: /opt/hostedtoolcache/Java_Temurin-Hotspot_jdk/26.0.2-101/x64/bin/java -Dosgi.noShutdown=false -Dosgi.os=linux -Dosgi.ws=gtk -Dosgi.arch=x86_64 --add-modules=ALL-SYSTEM -Dosgi.clean=true -Declipse.test.screenshot_directory=/home/runner/work/eclipse.jdt.debug/eclipse.jdt.debug/org.eclipse.jdt.debug.tests/target/screenshots -ea -jar /home/runner/.m2/repository/p2/osgi/bundle/org.eclipse.equinox.launcher/1.8.0.v20260804-1928/org.eclipse.equinox.launcher-1.8.0.v20260804-1928.jar -data /home/runner/work/eclipse.jdt.debug/eclipse.jdt.debug/org.eclipse.jdt.debug.tests/target/work/data -install /home/runner/work/eclipse.jdt.debug/eclipse.jdt.debug/org.eclipse.jdt.debug.tests/target/work -configuration /home/runner/work/eclipse.jdt.debug/eclipse.jdt.debug/org.eclipse.jdt.debug.tests/target/work/configuration -application org.eclipse.tycho.surefire.osgibooter.uitest -testproperties /home/runner/work/eclipse.jdt.debug/eclipse.jdt.debug/org.eclipse.jdt.debug.tests/target/surefire.properties -consoleLog -timeout 1200000
WARNING: Using incubator modules: jdk.incubator.vector

(java:2805): dbind-WARNING **: 13:05:44.153: AT-SPI: Error retrieving accessibility bus address: org.freedesktop.DBus.Error.ServiceUnknown: The name org.a11y.Bus was not provided by any .service files
WARNING: Final field saveAndRestore in class org.eclipse.e4.ui.internal.workbench.ResourceHandler has been mutated reflectively by class org.eclipse.e4.core.internal.di.FieldRequestor in unnamed module @453d496b (file:/home/runner/.m2/repository/p2/osgi/bundle/org.eclipse.e4.core.di/1.9.1000.v20260831-1412/org.eclipse.e4.core.di-1.9.1000.v20260831-1412.jar)
WARNING: Use --enable-final-field-mutation=ALL-UNNAMED to avoid a warning
WARNING: Mutating final fields will be blocked in a future release unless final field mutation is enabled
!SESSION 2026-09-04 13:05:37.738 -----------------------------------------------
eclipse.buildId=unknown
java.version=26.0.2.1
java.vendor=Eclipse Adoptium
BootLoader constants: OS=linux, ARCH=x86_64, WS=gtk, NL=en
Framework arguments:  -application org.eclipse.tycho.surefire.osgibooter.uitest -testproperties /home/runner/work/eclipse.jdt.debug/eclipse.jdt.debug/org.eclipse.jdt.debug.tests/target/surefire.properties -timeout 1200000
Command-line arguments:  -data /home/runner/work/eclipse.jdt.debug/eclipse.jdt.debug/org.eclipse.jdt.debug.tests/target/work/data -application org.eclipse.tycho.surefire.osgibooter.uitest -testproperties /home/runner/work/eclipse.jdt.debug/eclipse.jdt.debug/org.eclipse.jdt.debug.tests/target/surefire.properties -consoleLog -timeout 1200000

!ENTRY org.eclipse.e4.ui.css.swt.theme 2 0 2026-09-04 13:05:46.556
!MESSAGE Theme 'org.eclipse.e4.ui.css.theme.e4_default' not found; falling back to default theme.

!ENTRY org.eclipse.tycho.surefire.osgibooter 1 0 2026-09-04 13:05:50.620
!MESSAGE starting DumpStackTracesTimer with timeout=1080000 at 2026-09-04 13:05:50 +0000
Running org.eclipse.jdt.debug.tests.breakpoints.JavaBreakpointListenerTests
13:05:51.008 SETTING UP TESTS
13:05:51.011 SETUP JavaBreakpointListenerTests.testRemovalWithoutMarker

!ENTRY org.eclipse.jdt.debug 1 0 2026-09-04 13:05:51.510
!MESSAGE VM added x64, location: /opt/hostedtoolcache/Java_Temurin-Hotspot_jdk/26.0.2-101/x64
13:05:56.040 TDOWN JavaBreakpointListenerTests.testRemovalWithoutMarker
Tests run: 1, Failures: 0, Errors: 1, Skipped: 0, Time elapsed: 5.132 s <<< FAILURE! -- in org.eclipse.jdt.debug.tests.breakpoints.JavaBreakpointListenerTests
org.eclipse.jdt.debug.tests.breakpoints.JavaBreakpointListenerTests.testRemovalWithoutMarker -- Time elapsed: 5.118 s <<< ERROR!
java.lang.NullPointerException: Cannot invoke "org.eclipse.core.resources.IMarker.exists()" because the return value of "org.eclipse.jdt.internal.debug.core.breakpoints.JavaBreakpoint.getMarker()" is null
	at org.eclipse.jdt.internal.debug.core.breakpoints.JavaBreakpoint.deregisterRequest(JavaBreakpoint.java:289)
	at org.eclipse.jdt.internal.debug.core.breakpoints.JavaBreakpoint.removeRequests(JavaBreakpoint.java:807)
	at org.eclipse.jdt.internal.debug.core.breakpoints.JavaBreakpoint.removeFromTarget(JavaBreakpoint.java:748)
	at org.eclipse.jdt.internal.debug.core.breakpoints.JavaLineBreakpoint.removeFromTarget(JavaLineBreakpoint.java:188)
	at org.eclipse.jdt.internal.debug.core.model.JDIDebugTarget.breakpointRemoved(JDIDebugTarget.java:1634)
	at org.eclipse.jdt.debug.tests.breakpoints.JavaBreakpointListenerTests.testRemovalWithoutMarker(JavaBreakpointListenerTests.java:1243)
	at java.base/java.lang.reflect.Method.invoke(Method.java:565)
	at junit.framework.TestCase.runTest(TestCase.java:177)
	at junit.framework.TestCase.runBare(TestCase.java:142)
	at org.eclipse.jdt.debug.tests.AbstractDebugTest.runBare(AbstractDebugTest.java:3004)
	at junit.framework.TestResult$1.protect(TestResult.java:122)
	at junit.framework.TestResult.runProtected(TestResult.java:142)
	at junit.framework.TestResult.run(TestResult.java:125)
	at junit.framework.TestCase.run(TestCase.java:130)
	at junit.framework.TestSuite.runTest(TestSuite.java:241)
	at junit.framework.TestSuite.run(TestSuite.java:236)


Results:

Errors: 
  JavaBreakpointListenerTests>AbstractDebugTest.runBare:3004->testRemovalWithoutMarker:1243 » NullPointer Cannot invoke "org.eclipse.core.resources.IMarker.exists()" because the return value of "org.eclipse.jdt.internal.debug.core.breakpoints.JavaBreakpoint.getMarker()" is null

Tests run: 1, Failures: 0, Errors: 1, Skipped: 0


!ENTRY org.eclipse.core.resources 2 10035 2026-09-04 13:05:56.907
!MESSAGE The workspace will exit with unsaved changes in this session.
[INFO] ------------------------------------------------------------------------
[INFO] Reactor Summary:
[INFO] 
[INFO] eclipse.jdt.debug 4.42.0-SNAPSHOT .................. SUCCESS [  0.597 s]
[INFO] [bundle] JDI Debug Model 3.26.100-SNAPSHOT ......... SUCCESS [01:16 min]
[INFO] org.eclipse.jdt.launching 3.24.400-SNAPSHOT ........ SUCCESS [  4.501 s]
[INFO] org.eclipse.jdt.debug.ui 3.15.600-SNAPSHOT ......... SUCCESS [ 16.750 s]
[INFO] org.eclipse.jdt.debug.tests 3.12.1000-SNAPSHOT ..... FAILURE [ 39.528 s]
[INFO] ------------------------------------------------------------------------
[INFO] BUILD FAILURE
[INFO] ------------------------------------------------------------------------
[INFO] Total time:  03:09 min
[INFO] Finished at: 2026-09-04T13:05:57Z
[INFO] ------------------------------------------------------------------------
[ERROR] Failed to execute goal org.eclipse.tycho:tycho-surefire-plugin:5.0.4:test (default-test) on project org.eclipse.jdt.debug.tests: There are test failures.
[ERROR] 
[ERROR] Please refer to /home/runner/work/eclipse.jdt.debug/eclipse.jdt.debug/org.eclipse.jdt.debug.tests/target/surefire-reports for the individual test results.
[ERROR] -> [Help 1]
[ERROR] 
[ERROR] To see the full stack trace of the errors, re-run Maven with the -e switch.
[ERROR] Re-run Maven using the -X switch to enable full debug logging.
[ERROR] 
[ERROR] For more information about the errors and possible solutions, please read the following articles:
[ERROR] [Help 1] http://cwiki.apache.org/confluence/display/MAVEN/MojoFailureException
[ERROR] 
[ERROR] After correcting the problems, you can resume the build with the command
[ERROR]   mvn <args> -rf :org.eclipse.jdt.debug.tests
